postgres_ws2 uses an image, skipping
Building airflow-webserver
DEPRECATED: The legacy builder is deprecated and will be removed in a future release.
            Install the buildx component to build images with BuildKit:
            https://docs.docker.com/go/buildx/

Sending build context to Docker daemon  16.38kB
Step 1/6 : FROM apache/airflow:2.11.2-python3.11
 ---> aac8468234df
Step 2/6 : USER root
 ---> Using cache
 ---> 67a23283a6dd
Step 3/6 : RUN apt-get update && apt-get install -y --no-install-recommends     build-essential     libpq-dev     git     curl     && apt-get clean     && rm -rf /var/lib/apt/lists/*
 ---> Using cache
 ---> 9c08589fac3a
Step 4/6 : USER airflow
 ---> Using cache
 ---> 9222339c2281
Step 5/6 : COPY requirements.txt /requirements.txt
 ---> e777e0bc378f
Step 6/6 : RUN pip install --no-cache-dir --upgrade pip &&     pip install --no-cache-dir -r /requirements.txt
 ---> Running in 9b266519d290
Requirement already satisfied: pip in /home/airflow/.local/lib/python3.11/site-packages (26.0.1)
Collecting pip
  Downloading pip-26.2.1-py3-none-any.whl.metadata (4.6 kB)
Downloading pip-26.2.1-py3-none-any.whl (1.8 MB)
   ━━━━━━━━━━━━━━━━━━━━━━━━━━━━━━━━━━━━━━━━ 1.8/1.8 MB 38.9 MB/s  0:00:00
Installing collected packages: pip
  Attempting uninstall: pip
    Found existing installation: pip 26.0.1
    Uninstalling pip-26.0.1:
      Successfully uninstalled pip-26.0.1
Successfully installed pip-26.2.1
Collecting pandas==2.2.2 (from -r /requirements.txt (line 1))
  Downloading pandas-2.2.2-cp311-cp311-manylinux_2_17_x86_64.manylinux2014_x86_64.whl.metadata (19 kB)
Collecting pandera==0.20.4 (from -r /requirements.txt (line 2))
  Downloading pandera-0.20.4-py3-none-any.whl.metadata (15 kB)
Collecting sqlalchemy==1.4.52 (from -r /requirements.txt (line 3))
  Downloading SQLAlchemy-1.4.52-cp311-cp311-manylinux_2_5_x86_64.manylinux1_x86_64.manylinux_2_17_x86_64.manylinux2014_x86_64.whl.metadata (10 kB)
Collecting psycopg2-binary==2.9.9 (from -r /requirements.txt (line 4))
  Downloading psycopg2_binary-2.9.9-cp311-cp311-manylinux_2_17_x86_64.manylinux2014_x86_64.whl.metadata (4.4 kB)
Collecting google-cloud-storage==2.17.0 (from -r /requirements.txt (line 5))
  Downloading google_cloud_storage-2.17.0-py2.py3-none-any.whl.metadata (6.6 kB)
Collecting google-auth==2.32.0 (from -r /requirements.txt (line 6))
  Downloading google_auth-2.32.0-py2.py3-none-any.whl.metadata (4.7 kB)
Collecting matplotlib==3.9.0 (from -r /requirements.txt (line 7))
  Downloading matplotlib-3.9.0-cp311-cp311-manylinux_2_17_x86_64.manylinux2014_x86_64.whl.metadata (11 kB)
Collecting seaborn==0.13.2 (from -r /requirements.txt (line 8))
  Downloading seaborn-0.13.2-py3-none-any.whl.metadata (5.4 kB)
Requirement already satisfied: numpy>=1.23.2 in /home/airflow/.local/lib/python3.11/site-packages (from pandas==2.2.2->-r /requirements.txt (line 1)) (1.26.4)
Requirement already satisfied: python-dateutil>=2.8.2 in /home/airflow/.local/lib/python3.11/site-packages (from pandas==2.2.2->-r /requirements.txt (line 1)) (2.9.0.post0)
Requirement already satisfied: pytz>=2020.1 in /home/airflow/.local/lib/python3.11/site-packages (from pandas==2.2.2->-r /requirements.txt (line 1)) (2026.1.post1)
Requirement already satisfied: tzdata>=2022.7 in /home/airflow/.local/lib/python3.11/site-packages (from pandas==2.2.2->-r /requirements.txt (line 1)) (2025.3)
Collecting multimethod<=1.10.0 (from pandera==0.20.4->-r /requirements.txt (line 2))
  Downloading multimethod-1.10-py3-none-any.whl.metadata (8.2 kB)
Requirement already satisfied: packaging>=20.0 in /home/airflow/.local/lib/python3.11/site-packages (from pandera==0.20.4->-r /requirements.txt (line 2)) (26.0)
Requirement already satisfied: pydantic in /home/airflow/.local/lib/python3.11/site-packages (from pandera==0.20.4->-r /requirements.txt (line 2)) (2.12.5)
Collecting typeguard (from pandera==0.20.4->-r /requirements.txt (line 2))
  Downloading typeguard-4.6.0-py3-none-any.whl.metadata (3.7 kB)
Collecting typing-inspect>=0.6.0 (from pandera==0.20.4->-r /requirements.txt (line 2))
  Downloading typing_inspect-0.9.0-py3-none-any.whl.metadata (1.5 kB)
Requirement already satisfied: wrapt in /home/airflow/.local/lib/python3.11/site-packages (from pandera==0.20.4->-r /requirements.txt (line 2)) (2.1.2)
Requirement already satisfied: greenlet!=0.4.17 in /home/airflow/.local/lib/python3.11/site-packages (from sqlalchemy==1.4.52->-r /requirements.txt (line 3)) (3.3.2)
Requirement already satisfied: google-api-core<3.0.0dev,>=2.15.0 in /home/airflow/.local/lib/python3.11/site-packages (from google-cloud-storage==2.17.0->-r /requirements.txt (line 5)) (2.30.0)
Requirement already satisfied: google-cloud-core<3.0dev,>=2.3.0 in /home/airflow/.local/lib/python3.11/site-packages (from google-cloud-storage==2.17.0->-r /requirements.txt (line 5)) (2.5.0)
Requirement already satisfied: google-resumable-media>=2.6.0 in /home/airflow/.local/lib/python3.11/site-packages (from google-cloud-storage==2.17.0->-r /requirements.txt (line 5)) (2.8.0)
Requirement already satisfied: requests<3.0.0dev,>=2.18.0 in /home/airflow/.local/lib/python3.11/site-packages (from google-cloud-storage==2.17.0->-r /requirements.txt (line 5)) (2.32.5)
Requirement already satisfied: google-crc32c<2.0dev,>=1.0 in /home/airflow/.local/lib/python3.11/site-packages (from google-cloud-storage==2.17.0->-r /requirements.txt (line 5)) (1.8.0)
Collecting cachetools<6.0,>=2.0.0 (from google-auth==2.32.0->-r /requirements.txt (line 6))
  Downloading cachetools-5.5.2-py3-none-any.whl.metadata (5.4 kB)
Requirement already satisfied: pyasn1-modules>=0.2.1 in /home/airflow/.local/lib/python3.11/site-packages (from google-auth==2.32.0->-r /requirements.txt (line 6)) (0.4.2)
Requirement already satisfied: rsa<5,>=3.1.4 in /home/airflow/.local/lib/python3.11/site-packages (from google-auth==2.32.0->-r /requirements.txt (line 6)) (4.9.1)
Collecting contourpy>=1.0.1 (from matplotlib==3.9.0->-r /requirements.txt (line 7))
  Downloading contourpy-1.3.3-cp311-cp311-manylinux_2_27_x86_64.manylinux_2_28_x86_64.whl.metadata (5.5 kB)
Collecting cycler>=0.10 (from matplotlib==3.9.0->-r /requirements.txt (line 7))
  Downloading cycler-0.12.1-py3-none-any.whl.metadata (3.8 kB)
Collecting fonttools>=4.22.0 (from matplotlib==3.9.0->-r /requirements.txt (line 7))
  Downloading fonttools-4.66.1-cp311-cp311-manylinux2014_x86_64.manylinux_2_17_x86_64.whl.metadata (130 kB)
Collecting kiwisolver>=1.3.1 (from matplotlib==3.9.0->-r /requirements.txt (line 7))
  Downloading kiwisolver-1.5.1-cp311-cp311-manylinux2014_x86_64.manylinux_2_17_x86_64.whl.metadata (5.2 kB)
Collecting pillow>=8 (from matplotlib==3.9.0->-r /requirements.txt (line 7))
  Downloading pillow-12.3.0-cp311-cp311-manylinux_2_27_x86_64.manylinux_2_28_x86_64.whl.metadata (9.1 kB)
Requirement already satisfied: pyparsing>=2.3.1 in /home/airflow/.local/lib/python3.11/site-packages (from matplotlib==3.9.0->-r /requirements.txt (line 7)) (3.3.2)
Requirement already satisfied: googleapis-common-protos<2.0.0,>=1.56.3 in /home/airflow/.local/lib/python3.11/site-packages (from google-api-core<3.0.0dev,>=2.15.0->google-cloud-storage==2.17.0->-r /requirements.txt (line 5)) (1.73.0)
Requirement already satisfied: protobuf<7.0.0,>=4.25.8 in /home/airflow/.local/lib/python3.11/site-packages (from google-api-core<3.0.0dev,>=2.15.0->google-cloud-storage==2.17.0->-r /requirements.txt (line 5)) (4.25.8)
Requirement already satisfied: proto-plus<2.0.0,>=1.22.3 in /home/airflow/.local/lib/python3.11/site-packages (from google-api-core<3.0.0dev,>=2.15.0->google-cloud-storage==2.17.0->-r /requirements.txt (line 5)) (1.27.1)
Requirement already satisfied: charset_normalizer<4,>=2 in /home/airflow/.local/lib/python3.11/site-packages (from requests<3.0.0dev,>=2.18.0->google-cloud-storage==2.17.0->-r /requirements.txt (line 5)) (3.4.5)
Requirement already satisfied: idna<4,>=2.5 in /home/airflow/.local/lib/python3.11/site-packages (from requests<3.0.0dev,>=2.18.0->google-cloud-storage==2.17.0->-r /requirements.txt (line 5)) (3.11)
Requirement already satisfied: urllib3<3,>=1.21.1 in /home/airflow/.local/lib/python3.11/site-packages (from requests<3.0.0dev,>=2.18.0->google-cloud-storage==2.17.0->-r /requirements.txt (line 5)) (2.6.3)
Requirement already satisfied: certifi>=2017.4.17 in /home/airflow/.local/lib/python3.11/site-packages (from requests<3.0.0dev,>=2.18.0->google-cloud-storage==2.17.0->-r /requirements.txt (line 5)) (2026.2.25)
Requirement already satisfied: pyasn1>=0.1.3 in /home/airflow/.local/lib/python3.11/site-packages (from rsa<5,>=3.1.4->google-auth==2.32.0->-r /requirements.txt (line 6)) (0.6.2)
Requirement already satisfied: six>=1.5 in /home/airflow/.local/lib/python3.11/site-packages (from python-dateutil>=2.8.2->pandas==2.2.2->-r /requirements.txt (line 1)) (1.17.0)
Collecting mypy-extensions>=0.3.0 (from typing-inspect>=0.6.0->pandera==0.20.4->-r /requirements.txt (line 2))
  Downloading mypy_extensions-1.1.0-py3-none-any.whl.metadata (1.1 kB)
Requirement already satisfied: typing-extensions>=3.7.4 in /home/airflow/.local/lib/python3.11/site-packages (from typing-inspect>=0.6.0->pandera==0.20.4->-r /requirements.txt (line 2)) (4.15.0)
Requirement already satisfied: annotated-types>=0.6.0 in /home/airflow/.local/lib/python3.11/site-packages (from pydantic->pandera==0.20.4->-r /requirements.txt (line 2)) (0.7.0)
Requirement already satisfied: pydantic-core==2.41.5 in /home/airflow/.local/lib/python3.11/site-packages (from pydantic->pandera==0.20.4->-r /requirements.txt (line 2)) (2.41.5)
Requirement already satisfied: typing-inspection>=0.4.2 in /home/airflow/.local/lib/python3.11/site-packages (from pydantic->pandera==0.20.4->-r /requirements.txt (line 2)) (0.4.2)
Downloading pandas-2.2.2-cp311-cp311-manylinux_2_17_x86_64.manylinux2014_x86_64.whl (13.0 MB)
   ━━━━━━━━━━━━━━━━━━━━━━━━━━━━━━━━━━━━━━━━ 13.0/13.0 MB 67.9 MB/s  0:00:00
Downloading pandera-0.20.4-py3-none-any.whl (259 kB)
Downloading SQLAlchemy-1.4.52-cp311-cp311-manylinux_2_5_x86_64.manylinux1_x86_64.manylinux_2_17_x86_64.manylinux2014_x86_64.whl (1.6 MB)
   ━━━━━━━━━━━━━━━━━━━━━━━━━━━━━━━━━━━━━━━━ 1.6/1.6 MB 83.6 MB/s  0:00:00
Downloading psycopg2_binary-2.9.9-cp311-cp311-manylinux_2_17_x86_64.manylinux2014_x86_64.whl (3.0 MB)
   ━━━━━━━━━━━━━━━━━━━━━━━━━━━━━━━━━━━━━━━━ 3.0/3.0 MB 182.4 MB/s  0:00:00
Downloading google_cloud_storage-2.17.0-py2.py3-none-any.whl (126 kB)
Downloading google_auth-2.32.0-py2.py3-none-any.whl (195 kB)
Downloading matplotlib-3.9.0-cp311-cp311-manylinux_2_17_x86_64.manylinux2014_x86_64.whl (8.3 MB)
   ━━━━━━━━━━━━━━━━━━━━━━━━━━━━━━━━━━━━━━━━ 8.3/8.3 MB 173.5 MB/s  0:00:00
Downloading seaborn-0.13.2-py3-none-any.whl (294 kB)
Downloading cachetools-5.5.2-py3-none-any.whl (10 kB)
Downloading multimethod-1.10-py3-none-any.whl (9.9 kB)
Downloading contourpy-1.3.3-cp311-cp311-manylinux_2_27_x86_64.manylinux_2_28_x86_64.whl (355 kB)
Downloading cycler-0.12.1-py3-none-any.whl (8.3 kB)
Downloading fonttools-4.66.1-cp311-cp311-manylinux2014_x86_64.manylinux_2_17_x86_64.whl (5.4 MB)
   ━━━━━━━━━━━━━━━━━━━━━━━━━━━━━━━━━━━━━━━━ 5.4/5.4 MB 198.1 MB/s  0:00:00
Downloading kiwisolver-1.5.1-cp311-cp311-manylinux2014_x86_64.manylinux_2_17_x86_64.whl (1.4 MB)
   ━━━━━━━━━━━━━━━━━━━━━━━━━━━━━━━━━━━━━━━━ 1.4/1.4 MB 307.2 MB/s  0:00:00
Downloading pillow-12.3.0-cp311-cp311-manylinux_2_27_x86_64.manylinux_2_28_x86_64.whl (6.9 MB)
   ━━━━━━━━━━━━━━━━━━━━━━━━━━━━━━━━━━━━━━━━ 6.9/6.9 MB 247.9 MB/s  0:00:00
Downloading typing_inspect-0.9.0-py3-none-any.whl (8.8 kB)
Downloading mypy_extensions-1.1.0-py3-none-any.whl (5.0 kB)
Downloading typeguard-4.6.0-py3-none-any.whl (36 kB)
Installing collected packages: typeguard, sqlalchemy, psycopg2-binary, pillow, mypy-extensions, multimethod, kiwisolver, fonttools, cycler, contourpy, cachetools, typing-inspect, pandas, matplotlib, google-auth, seaborn, pandera, google-cloud-storage
  Attempting uninstall: sqlalchemy
    Found existing installation: SQLAlchemy 1.4.54
    Uninstalling SQLAlchemy-1.4.54:
      Successfully uninstalled SQLAlchemy-1.4.54
  Attempting uninstall: psycopg2-binary
    Found existing installation: psycopg2-binary 2.9.11
    Uninstalling psycopg2-binary-2.9.11:
      Successfully uninstalled psycopg2-binary-2.9.11
  Attempting uninstall: cachetools
    Found existing installation: cachetools 6.2.6
    Uninstalling cachetools-6.2.6:
      Successfully uninstalled cachetools-6.2.6
  Attempting uninstall: pandas
    Found existing installation: pandas 2.1.4
    Uninstalling pandas-2.1.4:
      Successfully uninstalled pandas-2.1.4
  Attempting uninstall: google-auth
    Found existing installation: google-auth 2.49.0
    Uninstalling google-auth-2.49.0:
      Successfully uninstalled google-auth-2.49.0
  Attempting uninstall: google-cloud-storage
    Found existing installation: google-cloud-storage 3.9.0
    Uninstalling google-cloud-storage-3.9.0:
      Successfully uninstalled google-cloud-storage-3.9.0

[91mERROR: pip's dependency resolver does not currently take into account all the packages that are installed. This behaviour is the source of the following dependency conflicts.
google-genai 1.66.0 requires google-auth[requests]<3.0.0,>=2.47.0, but you have google-auth 2.32.0 which is incompatible.
gcsfs 2026.2.0 requires google-cloud-storage>=3.9.0, but you have google-cloud-storage 2.17.0 which is incompatible.
sagemaker-studio 1.0.24 requires psycopg2-binary>=2.9.10, but you have psycopg2-binary 2.9.9 which is incompatible.
sagemaker-studio 1.0.24 requires sqlalchemy>=1.4.54, but you have sqlalchemy 1.4.52 which is incompatible.
google-cloud-aiplatform 1.140.0 requires google-auth<3.0.0,>=2.47.0, but you have google-auth 2.32.0 which is incompatible.
[0mSuccessfully installed cachetools-5.5.2 contourpy-1.3.3 cycler-0.12.1 fonttools-4.66.1 google-auth-2.32.0 google-cloud-storage-2.17.0 kiwisolver-1.5.1 matplotlib-3.9.0 multimethod-1.10 mypy-extensions-1.1.0 pandas-2.2.2 pandera-0.20.4 pillow-12.3.0 psycopg2-binary-2.9.9 seaborn-0.13.2 sqlalchemy-1.4.52 typeguard-4.6.0 typing-inspect-0.9.0
 ---> Removed intermediate container 9b266519d290
 ---> 6cb2b7cd9aa6
Successfully built 6cb2b7cd9aa6
Successfully tagged workshop-etl-ws2_airflow-webserver:latest
Building airflow-scheduler
DEPRECATED: The legacy builder is deprecated and will be removed in a future release.
            Install the buildx component to build images with BuildKit:
            https://docs.docker.com/go/buildx/

Sending build context to Docker daemon  31.23kB
Step 1/6 : FROM apache/airflow:2.11.2-python3.11
 ---> aac8468234df
Step 2/6 : USER root
 ---> Using cache
 ---> 67a23283a6dd
Step 3/6 : RUN apt-get update && apt-get install -y --no-install-recommends     build-essential     libpq-dev     git     curl     && apt-get clean     && rm -rf /var/lib/apt/lists/*
 ---> Using cache
 ---> 9c08589fac3a
Step 4/6 : USER airflow
 ---> Using cache
 ---> 9222339c2281
Step 5/6 : COPY requirements.txt /requirements.txt
 ---> Using cache
 ---> e777e0bc378f
Step 6/6 : RUN pip install --no-cache-dir --upgrade pip &&     pip install --no-cache-dir -r /requirements.txt
 ---> Using cache
 ---> 6cb2b7cd9aa6
Successfully built 6cb2b7cd9aa6
Successfully tagged workshop-etl-ws2_airflow-scheduler:latest
Building airflow-init
DEPRECATED: The legacy builder is deprecated and will be removed in a future release.
            Install the buildx component to build images with BuildKit:
            https://docs.docker.com/go/buildx/

Sending build context to Docker daemon  32.26kB
Step 1/6 : FROM apache/airflow:2.11.2-python3.11
 ---> aac8468234df
Step 2/6 : USER root
 ---> Using cache
 ---> 67a23283a6dd
Step 3/6 : RUN apt-get update && apt-get install -y --no-install-recommends     build-essential     libpq-dev     git     curl     && apt-get clean     && rm -rf /var/lib/apt/lists/*
 ---> Using cache
 ---> 9c08589fac3a
Step 4/6 : USER airflow
 ---> Using cache
 ---> 9222339c2281
Step 5/6 : COPY requirements.txt /requirements.txt
 ---> Using cache
 ---> e777e0bc378f
Step 6/6 : RUN pip install --no-cache-dir --upgrade pip &&     pip install --no-cache-dir -r /requirements.txt
 ---> Using cache
 ---> 6cb2b7cd9aa6
Successfully built 6cb2b7cd9aa6
Successfully tagged workshop-etl-ws2_airflow-init:latest
