Creating network "workshop-etl-ws2_ws2_network" with driver "bridge"
Creating volume "workshop-etl-ws2_ws2_postgres_data" with default driver
Creating ws2_postgres ... 
Creating ws2_postgres ... done
Creating ws2_airflow_init ... 
Creating ws2_airflow_init ... done
Attaching to ws2_airflow_init
[36mws2_airflow_init     |[0m ===============================================
[36mws2_airflow_init     |[0m  Inicializando Airflow WS2
[36mws2_airflow_init     |[0m ===============================================
[36mws2_airflow_init     |[0m 
[36mws2_airflow_init     |[0m === Configuracion de conexion ===
[36mws2_airflow_init     |[0m /home/airflow/.local/lib/python3.11/site-packages/requests/__init__.py:113: RequestsDependencyWarning: urllib3 (2.6.3) or chardet (6.0.0.post1)/charset_normalizer (3.4.5) doesn't match a supported version!
[36mws2_airflow_init     |[0m   warnings.warn(
[36mws2_airflow_init     |[0m /home/airflow/.local/lib/python3.11/site-packages/airflow/metrics/base_stats_logger.py:22 RemovedInAirflow3Warning: Timer and timing metrics publish in seconds were deprecated. It is enabled by default from Airflow 3 onwards. Enable timer_unit_consistency to publish all the timer and timing metrics in milliseconds.
[36mws2_airflow_init     |[0m /home/airflow/.local/lib/python3.11/site-packages/airflow/triggers/base.py:27 RemovedInAirflow3Warning: Timer and timing metrics publish in seconds were deprecated. It is enabled by default from Airflow 3 onwards. Enable timer_unit_consistency to publish all the timer and timing metrics in milliseconds.
[36mws2_airflow_init     |[0m postgresql+psycopg2://ws2_admin:Ws2SecurePass2026!@postgres_ws2:5432/workshop_ws2
[36mws2_airflow_init     |[0m 
[36mws2_airflow_init     |[0m [1/3] Creando carpetas necesarias...
[36mws2_airflow_init     |[0m OK Carpetas creadas
[36mws2_airflow_init     |[0m 
[36mws2_airflow_init     |[0m [2/3] Ejecutando migraciones de base de datos...
[36mws2_airflow_init     |[0m /home/airflow/.local/lib/python3.11/site-packages/requests/__init__.py:113: RequestsDependencyWarning: urllib3 (2.6.3) or chardet (6.0.0.post1)/charset_normalizer (3.4.5) doesn't match a supported version!
[36mws2_airflow_init     |[0m   warnings.warn(
[36mws2_airflow_init     |[0m /home/airflow/.local/lib/python3.11/site-packages/airflow/metrics/base_stats_logger.py:22 RemovedInAirflow3Warning: Timer and timing metrics publish in seconds were deprecated. It is enabled by default from Airflow 3 onwards. Enable timer_unit_consistency to publish all the timer and timing metrics in milliseconds.
[36mws2_airflow_init     |[0m /home/airflow/.local/lib/python3.11/site-packages/airflow/triggers/base.py:27 RemovedInAirflow3Warning: Timer and timing metrics publish in seconds were deprecated. It is enabled by default from Airflow 3 onwards. Enable timer_unit_consistency to publish all the timer and timing metrics in milliseconds.
[36mws2_airflow_init     |[0m DB: postgresql+psycopg2://ws2_admin:***@postgres_ws2:5432/workshop_ws2
[36mws2_airflow_init     |[0m Performing upgrade to the metadata database postgresql+psycopg2://ws2_admin:***@postgres_ws2:5432/workshop_ws2
[36mws2_airflow_init     |[0m [2026-10-08T00:56:14.333+0000] {plugins.py:37} INFO - setup plugin alembic.autogenerate.schemas
[36mws2_airflow_init     |[0m [2026-10-08T00:56:14.335+0000] {plugins.py:37} INFO - setup plugin alembic.autogenerate.tables
[36mws2_airflow_init     |[0m [2026-10-08T00:56:14.336+0000] {plugins.py:37} INFO - setup plugin alembic.autogenerate.types
[36mws2_airflow_init     |[0m [2026-10-08T00:56:14.336+0000] {plugins.py:37} INFO - setup plugin alembic.autogenerate.constraints
[36mws2_airflow_init     |[0m [2026-10-08T00:56:14.337+0000] {plugins.py:37} INFO - setup plugin alembic.autogenerate.defaults
[36mws2_airflow_init     |[0m [2026-10-08T00:56:14.337+0000] {plugins.py:37} INFO - setup plugin alembic.autogenerate.comments
[36mws2_airflow_init     |[0m [2026-10-08T00:56:14.688+0000] {migration.py:210} INFO - Context impl PostgresqlImpl.
[36mws2_airflow_init     |[0m [2026-10-08T00:56:14.689+0000] {migration.py:213} INFO - Will assume transactional DDL.
[36mws2_airflow_init     |[0m [2026-10-08T00:56:14.694+0000] {migration.py:210} INFO - Context impl PostgresqlImpl.
[36mws2_airflow_init     |[0m [2026-10-08T00:56:14.694+0000] {migration.py:213} INFO - Will assume transactional DDL.
[36mws2_airflow_init     |[0m INFO  [alembic.runtime.migration] Context impl PostgresqlImpl.
[36mws2_airflow_init     |[0m INFO  [alembic.runtime.migration] Will assume transactional DDL.
[36mws2_airflow_init     |[0m INFO  [alembic.runtime.migration] Running stamp_revision  -> 5f2621c13b39
[36mws2_airflow_init     |[0m Database migrating done!
[36mws2_airflow_init     |[0m OK Migraciones completadas
[36mws2_airflow_init     |[0m 
[36mws2_airflow_init     |[0m [3/3] Creando usuario admin...
[36mws2_airflow_init     |[0m /home/airflow/.local/lib/python3.11/site-packages/requests/__init__.py:113: RequestsDependencyWarning: urllib3 (2.6.3) or chardet (6.0.0.post1)/charset_normalizer (3.4.5) doesn't match a supported version!
[36mws2_airflow_init     |[0m   warnings.warn(
[36mws2_airflow_init     |[0m /home/airflow/.local/lib/python3.11/site-packages/airflow/metrics/base_stats_logger.py:22 RemovedInAirflow3Warning: Timer and timing metrics publish in seconds were deprecated. It is enabled by default from Airflow 3 onwards. Enable timer_unit_consistency to publish all the timer and timing metrics in milliseconds.
[36mws2_airflow_init     |[0m /home/airflow/.local/lib/python3.11/site-packages/airflow/triggers/base.py:27 RemovedInAirflow3Warning: Timer and timing metrics publish in seconds were deprecated. It is enabled by default from Airflow 3 onwards. Enable timer_unit_consistency to publish all the timer and timing metrics in milliseconds.
[36mws2_airflow_init     |[0m [2026-10-08T00:56:20.193+0000] {plugins.py:37} INFO - setup plugin alembic.autogenerate.schemas
[36mws2_airflow_init     |[0m [2026-10-08T00:56:20.195+0000] {plugins.py:37} INFO - setup plugin alembic.autogenerate.tables
[36mws2_airflow_init     |[0m [2026-10-08T00:56:20.196+0000] {plugins.py:37} INFO - setup plugin alembic.autogenerate.types
[36mws2_airflow_init     |[0m [2026-10-08T00:56:20.197+0000] {plugins.py:37} INFO - setup plugin alembic.autogenerate.constraints
[36mws2_airflow_init     |[0m [2026-10-08T00:56:20.197+0000] {plugins.py:37} INFO - setup plugin alembic.autogenerate.defaults
[36mws2_airflow_init     |[0m [2026-10-08T00:56:20.198+0000] {plugins.py:37} INFO - setup plugin alembic.autogenerate.comments
[36mws2_airflow_init     |[0m /home/airflow/.local/lib/python3.11/site-packages/flask_limiter/extension.py:324 UserWarning: Using the in-memory storage for tracking rate limits as no storage was explicitly specified. This is not recommended for production use. See: https://flask-limiter.readthedocs.io#configuring-a-storage-backend for documentation about configuring the storage backend.
[36mws2_airflow_init     |[0m [2026-10-08T00:56:20.747+0000] {override.py:1528} INFO - Inserted Role: Admin
[36mws2_airflow_init     |[0m [2026-10-08T00:56:20.754+0000] {override.py:1528} INFO - Inserted Role: Public
[36mws2_airflow_init     |[0m [2026-10-08T00:56:20.760+0000] {override.py:985} WARNING - No user yet created, use flask fab command to do it.
[36mws2_airflow_init     |[0m [2026-10-08T00:56:20.821+0000] {override.py:1932} INFO - Created Permission View: can edit on Passwords
[36mws2_airflow_init     |[0m [2026-10-08T00:56:20.831+0000] {override.py:1983} INFO - Added Permission can edit on Passwords to role Admin
[36mws2_airflow_init     |[0m [2026-10-08T00:56:20.845+0000] {override.py:1932} INFO - Created Permission View: can read on Passwords
[36mws2_airflow_init     |[0m [2026-10-08T00:56:20.853+0000] {override.py:1983} INFO - Added Permission can read on Passwords to role Admin
[36mws2_airflow_init     |[0m [2026-10-08T00:56:20.873+0000] {override.py:1932} INFO - Created Permission View: can edit on My Password
[36mws2_airflow_init     |[0m [2026-10-08T00:56:20.880+0000] {override.py:1983} INFO - Added Permission can edit on My Password to role Admin
[36mws2_airflow_init     |[0m [2026-10-08T00:56:20.890+0000] {override.py:1932} INFO - Created Permission View: can read on My Password
[36mws2_airflow_init     |[0m [2026-10-08T00:56:20.898+0000] {override.py:1983} INFO - Added Permission can read on My Password to role Admin
[36mws2_airflow_init     |[0m [2026-10-08T00:56:20.915+0000] {override.py:1932} INFO - Created Permission View: can edit on My Profile
[36mws2_airflow_init     |[0m [2026-10-08T00:56:20.923+0000] {override.py:1983} INFO - Added Permission can edit on My Profile to role Admin
[36mws2_airflow_init     |[0m [2026-10-08T00:56:20.933+0000] {override.py:1932} INFO - Created Permission View: can read on My Profile
[36mws2_airflow_init     |[0m [2026-10-08T00:56:20.940+0000] {override.py:1983} INFO - Added Permission can read on My Profile to role Admin
[36mws2_airflow_init     |[0m [2026-10-08T00:56:20.982+0000] {override.py:1932} INFO - Created Permission View: can create on Users
[36mws2_airflow_init     |[0m [2026-10-08T00:56:20.990+0000] {override.py:1983} INFO - Added Permission can create on Users to role Admin
[36mws2_airflow_init     |[0m [2026-10-08T00:56:21.000+0000] {override.py:1932} INFO - Created Permission View: can read on Users
[36mws2_airflow_init     |[0m [2026-10-08T00:56:21.007+0000] {override.py:1983} INFO - Added Permission can read on Users to role Admin
[36mws2_airflow_init     |[0m [2026-10-08T00:56:21.017+0000] {override.py:1932} INFO - Created Permission View: can edit on Users
[36mws2_airflow_init     |[0m [2026-10-08T00:56:21.025+0000] {override.py:1983} INFO - Added Permission can edit on Users to role Admin
[36mws2_airflow_init     |[0m [2026-10-08T00:56:21.036+0000] {override.py:1932} INFO - Created Permission View: can delete on Users
[36mws2_airflow_init     |[0m [2026-10-08T00:56:21.044+0000] {override.py:1983} INFO - Added Permission can delete on Users to role Admin
[36mws2_airflow_init     |[0m [2026-10-08T00:56:21.061+0000] {override.py:1932} INFO - Created Permission View: menu access on List Users
[36mws2_airflow_init     |[0m [2026-10-08T00:56:21.068+0000] {override.py:1983} INFO - Added Permission menu access on List Users to role Admin
[36mws2_airflow_init     |[0m [2026-10-08T00:56:21.087+0000] {override.py:1932} INFO - Created Permission View: menu access on Security
[36mws2_airflow_init     |[0m [2026-10-08T00:56:21.096+0000] {override.py:1983} INFO - Added Permission menu access on Security to role Admin
[36mws2_airflow_init     |[0m [2026-10-08T00:56:21.123+0000] {override.py:1932} INFO - Created Permission View: can create on Roles
[36mws2_airflow_init     |[0m [2026-10-08T00:56:21.131+0000] {override.py:1983} INFO - Added Permission can create on Roles to role Admin
[36mws2_airflow_init     |[0m [2026-10-08T00:56:21.141+0000] {override.py:1932} INFO - Created Permission View: can read on Roles
[36mws2_airflow_init     |[0m [2026-10-08T00:56:21.149+0000] {override.py:1983} INFO - Added Permission can read on Roles to role Admin
[36mws2_airflow_init     |[0m [2026-10-08T00:56:21.159+0000] {override.py:1932} INFO - Created Permission View: can edit on Roles
[36mws2_airflow_init     |[0m [2026-10-08T00:56:21.168+0000] {override.py:1983} INFO - Added Permission can edit on Roles to role Admin
[36mws2_airflow_init     |[0m [2026-10-08T00:56:21.180+0000] {override.py:1932} INFO - Created Permission View: can delete on Roles
[36mws2_airflow_init     |[0m [2026-10-08T00:56:21.192+0000] {override.py:1983} INFO - Added Permission can delete on Roles to role Admin
[36mws2_airflow_init     |[0m [2026-10-08T00:56:21.215+0000] {override.py:1932} INFO - Created Permission View: menu access on List Roles
[36mws2_airflow_init     |[0m [2026-10-08T00:56:21.226+0000] {override.py:1983} INFO - Added Permission menu access on List Roles to role Admin
[36mws2_airflow_init     |[0m [2026-10-08T00:56:21.263+0000] {override.py:1932} INFO - Created Permission View: can read on User Stats Chart
[36mws2_airflow_init     |[0m [2026-10-08T00:56:21.273+0000] {override.py:1983} INFO - Added Permission can read on User Stats Chart to role Admin
[36mws2_airflow_init     |[0m [2026-10-08T00:56:21.296+0000] {override.py:1932} INFO - Created Permission View: menu access on User's Statistics
[36mws2_airflow_init     |[0m [2026-10-08T00:56:21.307+0000] {override.py:1983} INFO - Added Permission menu access on User's Statistics to role Admin
[36mws2_airflow_init     |[0m [2026-10-08T00:56:21.350+0000] {override.py:1932} INFO - Created Permission View: can read on Permissions
[36mws2_airflow_init     |[0m [2026-10-08T00:56:21.358+0000] {override.py:1983} INFO - Added Permission can read on Permissions to role Admin
[36mws2_airflow_init     |[0m [2026-10-08T00:56:21.378+0000] {override.py:1932} INFO - Created Permission View: menu access on Actions
[36mws2_airflow_init     |[0m [2026-10-08T00:56:21.386+0000] {override.py:1983} INFO - Added Permission menu access on Actions to role Admin
[36mws2_airflow_init     |[0m [2026-10-08T00:56:21.421+0000] {override.py:1932} INFO - Created Permission View: can read on View Menus
[36mws2_airflow_init     |[0m [2026-10-08T00:56:21.430+0000] {override.py:1983} INFO - Added Permission can read on View Menus to role Admin
[36mws2_airflow_init     |[0m [2026-10-08T00:56:21.455+0000] {override.py:1932} INFO - Created Permission View: menu access on Resources
[36mws2_airflow_init     |[0m [2026-10-08T00:56:21.465+0000] {override.py:1983} INFO - Added Permission menu access on Resources to role Admin
[36mws2_airflow_init     |[0m [2026-10-08T00:56:21.503+0000] {override.py:1932} INFO - Created Permission View: can read on Permission Views
[36mws2_airflow_init     |[0m [2026-10-08T00:56:21.511+0000] {override.py:1983} INFO - Added Permission can read on Permission Views to role Admin
[36mws2_airflow_init     |[0m [2026-10-08T00:56:21.529+0000] {override.py:1932} INFO - Created Permission View: menu access on Permission Pairs
[36mws2_airflow_init     |[0m [2026-10-08T00:56:21.537+0000] {override.py:1983} INFO - Added Permission menu access on Permission Pairs to role Admin
[36mws2_airflow_init     |[0m /home/airflow/.local/lib/python3.11/site-packages/flask_session/sqlalchemy/sqlalchemy.py:94 RuntimeWarning: No valid SQLAlchemy instance provided, attempting to create a new instance on localhost with default settings.
[36mws2_airflow_init     |[0m [2026-10-08T00:56:22.129+0000] {override.py:1617} INFO - Added user admin
[36mws2_airflow_init     |[0m User "admin" created with role "Admin"
[36mws2_airflow_init     |[0m OK Usuario admin creado
[36mws2_airflow_init     |[0m 
[36mws2_airflow_init     |[0m ==============================================
[36mws2_airflow_init     |[0m  AIRFLOW INICIALIZADO CORRECTAMENTE
[36mws2_airflow_init     |[0m ==============================================
[36mws2_airflow_init exited with code 0
[0mException in thread Thread-6 (watch_events):
Traceback (most recent call last):
  File "/usr/lib/python3.12/threading.py", line 1073, in _bootstrap_inner
    self.run()
  File "/usr/lib/python3.12/threading.py", line 1010, in run
    self._target(*self._args, **self._kwargs)
  File "/usr/lib/python3/dist-packages/compose/cli/log_printer.py", line 202, in watch_events
    for event in event_stream:
  File "/usr/lib/python3/dist-packages/compose/project.py", line 626, in yield_loop
    yield build_container_event(event)
          ^^^^^^^^^^^^^^^^^^^^^^^^^^^^
  File "/usr/lib/python3/dist-packages/compose/project.py", line 594, in build_container_event
    container = Container.from_id(self.client, event['id'])
                                               ~~~~~^^^^^^
KeyError: 'id'
