Creating network "workshop-etl-ws2_ws2_network" with driver "bridge"
Creating volume "workshop-etl-ws2_ws2_postgres_data" with default driver
Creating ws2_postgres ... 
Creating ws2_postgres ... done
Creating ws2_airflow_init ... 
Creating ws2_airflow_init ... done
Attaching to ws2_airflow_init
[36mws2_airflow_init     |[0m ===============================================
[36mws2_airflow_init     |[0m   Inicializando Airflow WS2
[36mws2_airflow_init     |[0m ===============================================
[36mws2_airflow_init     |[0m 
[36mws2_airflow_init     |[0m [1/3] Creando carpetas necesarias...
[36mws2_airflow_init     |[0m chmod: changing permissions of '/opt/airflow/logs': Operation not permitted
Exception in thread Thread-6 (watch_events):
Traceback (most recent call last):
  File "/usr/lib/python3.12/threading.py", line 1073, in _bootstrap_inner
    self.run()
  File "/usr/lib/python3.12/threading.py", line 1010, in run
    self._target(*self._args, **self._kwargs)
  File "/usr/lib/python3/dist-packages/compose/cli/log_printer.py", line 202, in watch_events
    for event in event_stream:
  File "/usr/lib/python3/dist-packages/compose/project.py", line 626, in yield_loop
    yield build_container_event(event)
          ^^^^^^^^^^^^^^^^^^^^^^^^^^^^
  File "/usr/lib/python3/dist-packages/compose/project.py", line 594, in build_container_event
    container = Container.from_id(self.client, event['id'])
                                               ~~~~~^^^^^^
KeyError: 'id'
[36mws2_airflow_init exited with code 1
[0m